
Found perl:
   /home/u0jana01/anaconda3/envs/IGv2/bin/perl
   This is perl 5, version 26, subversion 2 (v5.26.2) built for x86_64-linux-thread-multi

Found java:
   /home/u0jana01/anaconda3/envs/IGv2/bin/java
   openjdk version "1.8.0_152-release"

Found canu:
   /home/u0jana01/anaconda3/envs/IGv2/bin/canu
   Canu 2.0

Running job 1 based on command line options.
sqStore_loadMetadata()-- Using 'corrected-compressed-trimmed' 0x14 reads.
/home/u0jana01/IGenotyper/test/test/tmp/assembly/igh/171381_188171/1/canu/unitigging/4-unitigger
/home/u0jana01/IGenotyper/test/test/tmp/assembly/igh/171381_188171/1/canu/unitigging/4-unitigger
