
Found perl:
   /home/u0jana01/anaconda3/envs/IGv2/bin/perl
   This is perl 5, version 26, subversion 2 (v5.26.2) built for x86_64-linux-thread-multi

Found java:
   /home/u0jana01/anaconda3/envs/IGv2/bin/java
   openjdk version "1.8.0_152-release"

Found canu:
   /home/u0jana01/anaconda3/envs/IGv2/bin/canu
   Canu 2.0

Running job 1 based on command line options.

STRING_NUM_BITS          31
OFFSET_BITS              31
STRING_NUM_MASK          2147483647
OFFSET_MASK              2147483647
MAX_STRING_NUM           2147483647

Hash_Mask_Bits           22
bgnHashID                1
bgnHashID                30
Max_Hash_Data_Len        143611
Max_Hash_Load            0.800000
Kmer Length              22
Min Overlap Length       500
Max Error Rate           0.010000
Min Kmer Matches         0

Num_PThreads             8

sizeof(Hash_Bucket_t)    216
sizeof(Check_Vector_t)   4
sizeof(Hash_Frag_Info_t) 4

HASH_TABLE_SIZE          4194304

hash table size:         864 MB
hash check array         16 MB
string info              0 MB
string start             0 MB

sqStore_loadMetadata()-- Using 'corrected-compressed-trimmed' 0x14 reads.
sqCache: found 30 corrected-compressed-trimmed reads with 143581 bases.
Initializing 8 work areas.
Loading reference reads 1-30 inclusive.
Loading 30 reads and 143581 bases from range 1-30 inclusive.
Loading        1 <       30 <       30 -  100.00% - 0.00 GB
Build_Hash_Index from 1 to 30

Found 30 reads with length 143611 to load; 0 skipped by being too short; 0 skipped per library restriction
String_Ct:           0/          30  totalLen:        4290/      143611  Hash_Entries:        4268/    70464307  Load: 0.00%
HASH LOADING STOPPED: curID              30 out of           30
HASH LOADING STOPPED: length         143611 out of       143611 max.
HASH LOADING STOPPED: entries         18374 out of     70464307 max (load 0.02).

Read 8 kmers to mark to skip


Range: 1-30.  Store has 30 reads.
Chunk: 1 reads/thread -- (G.endRefID=30 - G.bgnRefID=1) / G.Num_PThreads=8 / 8

Starting 1-30 with 1 per thread

Thread 00 processes reads 1-1
Thread 02 processes reads 3-3
Thread 07 processes reads 8-8
Thread 01 processes reads 2-2
Thread 05 processes reads 6-6
Thread 06 processes reads 7-7
Thread 04 processes reads 5-5
Thread 03 processes reads 4-4
Thread 07 writes    reads 8-8 (7 overlaps 7/1/0 kmer hits with/without overlap/skipped)
Thread 07 processes reads 9-9
Thread 03 writes    reads 4-4 (11 overlaps 11/1/0 kmer hits with/without overlap/skipped)
Thread 03 processes reads 10-10
Thread 01 writes    reads 2-2 (12 overlaps 12/2/0 kmer hits with/without overlap/skipped)
Thread 01 processes reads 11-11
Thread 02 writes    reads 3-3 (10 overlaps 10/2/0 kmer hits with/without overlap/skipped)
Thread 00 writes    reads 1-1 (11 overlaps 11/3/0 kmer hits with/without overlap/skipped)
Thread 00 processes reads 13-13
Thread 02 processes reads 12-12
Thread 04 writes    reads 5-5 (11 overlaps 11/5/0 kmer hits with/without overlap/skipped)
Thread 04 processes reads 14-14
Thread 05 writes    reads 6-6 (9 overlaps 9/2/0 kmer hits with/without overlap/skipped)
Thread 05 processes reads 15-15
Thread 01 writes    reads 11-11 (10 overlaps 10/0/0 kmer hits with/without overlap/skipped)
Thread 01 processes reads 16-16
Thread 03 writes    reads 10-10 (11 overlaps 11/0/0 kmer hits with/without overlap/skipped)
Thread 03 processes reads 17-17
Thread 06 writes    reads 7-7 (14 overlaps 14/0/0 kmer hits with/without overlap/skipped)
Thread 06 processes reads 18-18
Thread 07 writes    reads 9-9 (12 overlaps 12/0/0 kmer hits with/without overlap/skipped)
Thread 07 processes reads 19-19
Thread 05 writes    reads 15-15 (6 overlaps 6/0/0 kmer hits with/without overlap/skipped)
Thread 05 processes reads 20-20
Thread 03 writes    reads 17-17 (4 overlaps 4/0/0 kmer hits with/without overlap/skipped)
Thread 03 processes reads 21-21
Thread 04 writes    reads 14-14 (7 overlaps 7/0/0 kmer hits with/without overlap/skipped)
Thread 04 processes reads 22-22
Thread 00 writes    reads 13-13 (8 overlaps 8/0/0 kmer hits with/without overlap/skipped)
Thread 00 processes reads 23-23
Thread 02 writes    reads 12-12 (9 overlaps 9/0/0 kmer hits with/without overlap/skipped)
Thread 02 processes reads 24-24
Thread 06 writes    reads 18-18 (5 overlaps 5/4/0 kmer hits with/without overlap/skipped)
Thread 01 writes    reads 16-16 (7 overlaps 7/4/0 kmer hits with/without overlap/skipped)
Thread 01 processes reads 26-26
Thread 06 processes reads 25-25
Thread 03 writes    reads 21-21 (0 overlaps 0/2/0 kmer hits with/without overlap/skipped)
Thread 03 processes reads 27-27
Thread 05 writes    reads 20-20 (5 overlaps 5/4/0 kmer hits with/without overlap/skipped)
Thread 05 processes reads 28-28
Thread 07 writes    reads 19-19 (10 overlaps 10/0/0 kmer hits with/without overlap/skipped)
Thread 07 processes reads 29-29
Thread 06 writes    reads 25-25 (5 overlaps 5/0/0 kmer hits with/without overlap/skipped)
Thread 04 writes    reads 22-22 (8 overlaps 8/0/0 kmer hits with/without overlap/skipped)
Thread 07 writes    reads 29-29 (1 overlaps 1/0/0 kmer hits with/without overlap/skipped)
Thread 03 writes    reads 27-27 (3 overlaps 3/0/0 kmer hits with/without overlap/skipped)
Thread 01 writes    reads 26-26 (4 overlaps 4/0/0 kmer hits with/without overlap/skipped)
Thread 05 writes    reads 28-28 (2 overlaps 2/0/0 kmer hits with/without overlap/skipped)
Thread 02 writes    reads 24-24 (6 overlaps 6/0/0 kmer hits with/without overlap/skipped)
Thread 00 writes    reads 23-23 (7 overlaps 7/0/0 kmer hits with/without overlap/skipped)
Bye.
