sqStore_loadMetadata()-- Using 'corrected-compressed-trimmed' 0x14 reads.
Enabling 4 threads.

Counting 140 (estimated) thousand canonical 22-mers from 1 input file:
    canu-seqStore: ../../canu.seqStore


SIMPLE MODE
-----------

  Disabled for mers larger than 20.


COMPLEX MODE
------------

prefix     # of   struct   kmers/    segs/      min     data    total
  bits   prefix   memory   prefix   prefix   memory   memory   memory
------  -------  -------  -------  -------  -------  -------  -------
     1     2  P   320  B    70 kM     6  S   128 kB   768 kB   768 kB
     2     4  P   544  B    35 kM     3  S   256 kB   768 kB   768 kB
     3     8  P  1024  B    17 kM     2  S   512 kB  1024 kB  1025 kB
     4    16  P  1920  B  8974  M     1  S  1024 kB  1024 kB  1025 kB
     5    32  P  3840  B  4487  M     1  S  2048 kB  2048 kB  2051 kB
     6    64  P  7680  B  2244  M     1  S  4096 kB  4096 kB  4103 kB
     7   128  P    15 kB  1122  M     1  S  8192 kB  8192 kB  8207 kB
     8   256  P    30 kB   561  M     1  S    16 MB    16 MB    16 MB
     9   512  P    60 kB   281  M     1  S    32 MB    32 MB    32 MB
    10  1024  P   120 kB   141  M     1  S    64 MB    64 MB    64 MB  Best Value!
    11  2048  P   240 kB    71  M     1  S   128 MB   128 MB   128 MB
    12  4096  P   480 kB    36  M     1  S   256 MB   256 MB   256 MB
    13  8192  P   960 kB    18  M     1  S   512 MB   512 MB   512 MB
    14    16 kP  1920 kB     9  M     1  S  1024 MB  1024 MB  1025 MB
    15    32 kP  3840 kB     5  M     1  S  2048 MB  2048 MB  2051 MB


FINAL CONFIGURATION
-------------------

Configured complex mode for 0.063 GB memory per batch, and up to 1 batch.

Bye.
