
Found perl:
   /home/u0jana01/anaconda3/envs/IGv2/bin/perl
   This is perl 5, version 26, subversion 2 (v5.26.2) built for x86_64-linux-thread-multi

Found java:
   /home/u0jana01/anaconda3/envs/IGv2/bin/java
   openjdk version "1.8.0_152-release"

Found canu:
   /home/u0jana01/anaconda3/envs/IGv2/bin/canu
   Canu 2.0

Running job 1 based on command line options.

Attempting to increase maximum allowed processes and open files.
  Changed max processes per user from 4096 to 379527 (max 379527).
  Changed max open files from 1024 to 4096 (max 4096).

sqStore_loadMetadata()-- Using 'corrected-compressed-trimmed' 0x14 reads.

Finding overlaps.
  found        592 overlaps in './canu.ovlStore.BUILDING/bucket0001/sliceSizes'.

Loading        592 overlaps using 0.00 GB of allowed (-M) 1 GB memory.
  loading        592 overlaps from './canu.ovlStore.BUILDING/bucket0001/slice0001'.

Sorting.

Writing sorted overlaps.
  created './canu.ovlStore.BUILDING/0001' with 592 overlaps for reads 1 to 32.

Removing bucketized overlaps.

Success!
