
Found perl:
   /home/u0jana01/anaconda3/envs/IGv2/bin/perl
   This is perl 5, version 26, subversion 2 (v5.26.2) built for x86_64-linux-thread-multi

Found java:
   /home/u0jana01/anaconda3/envs/IGv2/bin/java
   openjdk version "1.8.0_152-release"

Found canu:
   /home/u0jana01/anaconda3/envs/IGv2/bin/canu
   Canu 2.0

Running job 1 based on command line options.
Correcting HIFI reads
Initializing.
Opening seqStore '../../canu.seqStore'.
sqStore_loadMetadata()-- Using 'corrected-compressed-trimmed' 0x14 reads.
Correcting reads 1 to 34.
Reading 267 corrections from './red.red'.
Correcting 168680 bases with 161 indel adjustments.
--Allocate 0 + 0 + 0 MB for bases, adjusts and reads.
Corrected 168564 bases with 72 substitutions, 116 deletions and 45 insertions.
Loading overlaps.
Read_Olaps()--  Loading 618 overlaps from '../canu.ovlStore' for reads 1 to 34
--Allocate 0 MB for overlaps.
Read_Olaps()--  Loaded 618 overlaps -- 618 normal and 0 innie.
Sorting overlaps.
Recomputing overlaps.
--Allocate 8 MB for fseq and rseq.
--Allocate 32 MB for fadj and radj.
--Allocate 16 MB for pedWorkArea_t.
-- Allocate 0 MB for Edit_Array pointers.
Recomputing overlaps -         1 -         1 -        34
--Allocate 16 MB for edit array work space 0 (positions 0-4092)

--  Release bases, adjusts and reads.
Olaps Fwd 618
Olaps Rev 0
Total:  618
Failed: 14 (both)
Failed: 14 (either)
Failed: 14 (match to end)
Failed: 14 (negative length)
Changed 604 overlaps.
Better: 604 overlaps.
Worse:  0 overlaps.
Same:   0 overlaps.
Sorting overlaps.
Saving corrected error rates to file ./00001.oea.WORKING
--Allocate 0 MB for output error rates.

Bye.
