
Found perl:
   /home/u0jana01/anaconda3/envs/IGv2/bin/perl
   This is perl 5, version 26, subversion 2 (v5.26.2) built for x86_64-linux-thread-multi

Found java:
   /home/u0jana01/anaconda3/envs/IGv2/bin/java
   openjdk version "1.8.0_152-release"

Found canu:
   /home/u0jana01/anaconda3/envs/IGv2/bin/canu
   Canu 2.0

Running job 1 based on command line options.

STRING_NUM_BITS          31
OFFSET_BITS              31
STRING_NUM_MASK          2147483647
OFFSET_MASK              2147483647
MAX_STRING_NUM           2147483647

Hash_Mask_Bits           22
bgnHashID                1
bgnHashID                34
Max_Hash_Data_Len        168635
Max_Hash_Load            0.800000
Kmer Length              22
Min Overlap Length       500
Max Error Rate           0.010000
Min Kmer Matches         0

Num_PThreads             8

sizeof(Hash_Bucket_t)    216
sizeof(Check_Vector_t)   4
sizeof(Hash_Frag_Info_t) 4

HASH_TABLE_SIZE          4194304

hash table size:         864 MB
hash check array         16 MB
string info              0 MB
string start             0 MB

sqStore_loadMetadata()-- Using 'corrected-compressed-trimmed' 0x14 reads.
sqCache: found 34 corrected-compressed-trimmed reads with 168601 bases.
Initializing 8 work areas.
Loading reference reads 1-34 inclusive.
Loading 34 reads and 168601 bases from range 1-34 inclusive.
Loading        1 <       34 <       34 -  100.00% - 0.00 GB
Build_Hash_Index from 1 to 34

Found 34 reads with length 168635 to load; 0 skipped by being too short; 0 skipped per library restriction
String_Ct:           0/          34  totalLen:        4247/      168635  Hash_Entries:        4192/    70464307  Load: 0.00%
HASH LOADING STOPPED: curID              34 out of           34
HASH LOADING STOPPED: length         168635 out of       168635 max.
HASH LOADING STOPPED: entries         18702 out of     70464307 max (load 0.02).

Read 8 kmers to mark to skip


Range: 1-34.  Store has 34 reads.
Chunk: 1 reads/thread -- (G.endRefID=34 - G.bgnRefID=1) / G.Num_PThreads=8 / 8

Starting 1-34 with 1 per thread

Thread 00 processes reads 1-1
Thread 07 processes reads 8-8
Thread 05 processes reads 6-6
Thread 01 processes reads 2-2
Thread 06 processes reads 7-7
Thread 04 processes reads 5-5
Thread 03 processes reads 4-4
Thread 02 processes reads 3-3
Thread 05 writes    reads 6-6 (11 overlaps 11/1/0 kmer hits with/without overlap/skipped)
Thread 05 processes reads 9-9
Thread 06 writes    reads 7-7 (11 overlaps 11/2/0 kmer hits with/without overlap/skipped)
Thread 06 processes reads 10-10
Thread 03 writes    reads 4-4 (9 overlaps 9/1/0 kmer hits with/without overlap/skipped)
Thread 03 processes reads 11-11
Thread 00 writes    reads 1-1 (10 overlaps 10/3/0 kmer hits with/without overlap/skipped)
Thread 00 processes reads 12-12
Thread 07 writes    reads 8-8 (14 overlaps 14/1/0 kmer hits with/without overlap/skipped)
Thread 07 processes reads 13-13
Thread 02 writes    reads 3-3 (11 overlaps 11/1/0 kmer hits with/without overlap/skipped)
Thread 02 processes reads 14-14
Thread 01 writes    reads 2-2 (13 overlaps 13/0/0 kmer hits with/without overlap/skipped)
Thread 01 processes reads 15-15
Thread 04 writes    reads 5-5 (12 overlaps 12/1/0 kmer hits with/without overlap/skipped)
Thread 04 processes reads 16-16
Thread 03 writes    reads 11-11 (9 overlaps 9/3/0 kmer hits with/without overlap/skipped)
Thread 03 processes reads 17-17
Thread 03 writes    reads 17-17 (0 overlaps 0/11/0 kmer hits with/without overlap/skipped)
Thread 03 processes reads 18-18
Thread 07 writes    reads 13-13 (9 overlaps 9/8/0 kmer hits with/without overlap/skipped)
Thread 02 writes    reads 14-14 (15 overlaps 15/2/0 kmer hits with/without overlap/skipped)
Thread 02 processes reads 20-20
Thread 07 processes reads 19-19
Thread 05 writes    reads 9-9 (12 overlaps 12/8/0 kmer hits with/without overlap/skipped)
Thread 06 writes    reads 10-10 (14 overlaps 14/6/0 kmer hits with/without overlap/skipped)
Thread 06 processes reads 22-22
Thread 05 processes reads 21-21
Thread 04 writes    reads 16-16 (15 overlaps 15/1/0 kmer hits with/without overlap/skipped)
Thread 01 writes    reads 15-15 (14 overlaps 14/3/0 kmer hits with/without overlap/skipped)
Thread 04 processes reads 23-23
Thread 01 processes reads 24-24
Thread 00 writes    reads 12-12 (0 overlaps 0/16/0 kmer hits with/without overlap/skipped)
Thread 00 processes reads 25-25
Thread 03 writes    reads 18-18 (14 overlaps 14/1/0 kmer hits with/without overlap/skipped)
Thread 03 processes reads 26-26
Thread 07 writes    reads 19-19 (13 overlaps 13/2/0 kmer hits with/without overlap/skipped)
Thread 07 processes reads 27-27
Thread 06 writes    reads 22-22 (12 overlaps 12/0/0 kmer hits with/without overlap/skipped)
Thread 06 processes reads 28-28
Thread 04 writes    reads 23-23 (11 overlaps 11/0/0 kmer hits with/without overlap/skipped)
Thread 04 processes reads 29-29
Thread 02 writes    reads 20-20 (14 overlaps 14/0/0 kmer hits with/without overlap/skipped)
Thread 02 processes reads 30-30
Thread 00 writes    reads 25-25 (9 overlaps 9/0/0 kmer hits with/without overlap/skipped)
Thread 00 processes reads 31-31
Thread 01 writes    reads 24-24 (10 overlaps 10/0/0 kmer hits with/without overlap/skipped)
Thread 01 processes reads 32-32
Thread 05 writes    reads 21-21 (13 overlaps 13/0/0 kmer hits with/without overlap/skipped)
Thread 05 processes reads 33-33
Thread 04 writes    reads 29-29 (3 overlaps 3/0/0 kmer hits with/without overlap/skipped)
Thread 03 writes    reads 26-26 (8 overlaps 8/0/0 kmer hits with/without overlap/skipped)
Thread 00 writes    reads 31-31 (3 overlaps 3/0/0 kmer hits with/without overlap/skipped)
Thread 02 writes    reads 30-30 (4 overlaps 4/0/0 kmer hits with/without overlap/skipped)
Thread 06 writes    reads 28-28 (6 overlaps 6/0/0 kmer hits with/without overlap/skipped)
Thread 07 writes    reads 27-27 (7 overlaps 7/0/0 kmer hits with/without overlap/skipped)
Thread 01 writes    reads 32-32 (2 overlaps 2/0/0 kmer hits with/without overlap/skipped)
Thread 05 writes    reads 33-33 (1 overlaps 1/0/0 kmer hits with/without overlap/skipped)
Bye.
