
Found perl:
   /home/u0jana01/anaconda3/envs/IGv2/bin/perl
   This is perl 5, version 26, subversion 2 (v5.26.2) built for x86_64-linux-thread-multi

Found java:
   /home/u0jana01/anaconda3/envs/IGv2/bin/java
   openjdk version "1.8.0_152-release"

Found canu:
   /home/u0jana01/anaconda3/envs/IGv2/bin/canu
   Canu 2.0

Running job 1 based on command line options.
sqStore_loadMetadata()-- Using 'corrected-compressed-trimmed' 0x14 reads.
Read_Frags()-- Loading target reads 1 through 30 with 143611 bases.
Read_Frags()-- 0.008 GB for bases, votes and info.

Read_Olaps()-- Loading 430 overlaps.
Read_Olaps()-- 0.000 GB for overlaps..

extractReads()-- Loading reads 1 to 30 (30 reads with 143611 bases) overlaps 0 through 430.
extractReads()-- Loaded.
processReads()-- Launching compute.
processReads()-- Waiting for compute.

Passed overlaps =        430 100.0000%
Failed overlaps =          0   0.0000%
Output file: ./00001.red.WORKING

Bye.
